// Jest Snapshot v1, https://goo.gl/fbAQLP

exports[`Carousel snapshot for carousel 1`] = `
Object {
  "asFragment": [Function],
  "baseElement": <body>
    <div>
      <div
        class="carousel slide"
      >
        <div
          class="carousel-indicators"
        >
          <button
            aria-current="true"
            aria-label="Slide 1"
            class="active"
            data-bs-target=""
            type="button"
          />
          <button
            aria-current="false"
            aria-label="Slide 2"
            data-bs-target=""
            type="button"
          />
        </div>
        <div
          class="carousel-inner"
        >
          <div
            class="active carousel-item"
          >
            <img
              alt="First slide"
              class="d-block w-100"
              src="slider1_with_jar.jpg"
              style="max-height: 60vh;"
            />
            <div
              class="carousel-caption"
            >
              <h3>
                Jar image
              </h3>
              <p>
                Lorem ipsum dolor sit amet, consectetur adipiscing elit, sed do eiusmod tempor incididunt ax
              </p>
            </div>
          </div>
          <div
            class="carousel-item"
          >
            <img
              alt="Second slide"
              class="d-block w-100"
              src="slider2_addiction.jpg"
              style="max-height: 60vh;"
            />
            <div
              class="carousel-caption"
            >
              <h3>
                Addiction image
              </h3>
              <p>
                Lorem ipsum dolor sit amet, consectetur adipiscing elit, sed do eiusmod tempor incididunt
              </p>
            </div>
          </div>
        </div>
        <a
          class="carousel-control-prev"
          href="#"
          role="button"
          tabindex="0"
        >
          <span
            aria-hidden="true"
            class="carousel-control-prev-icon"
          />
          <span
            class="visually-hidden"
          >
            Previous
          </span>
        </a>
        <a
          class="carousel-control-next"
          href="#"
          role="button"
          tabindex="0"
        >
          <span
            aria-hidden="true"
            class="carousel-control-next-icon"
          />
          <span
            class="visually-hidden"
          >
            Next
          </span>
        </a>
      </div>
    </div>
  </body>,
  "container": <div>
    <div
      class="carousel slide"
    >
      <div
        class="carousel-indicators"
      >
        <button
          aria-current="true"
          aria-label="Slide 1"
          class="active"
          data-bs-target=""
          type="button"
        />
        <button
          aria-current="false"
          aria-label="Slide 2"
          data-bs-target=""
          type="button"
        />
      </div>
      <div
        class="carousel-inner"
      >
        <div
          class="active carousel-item"
        >
          <img
            alt="First slide"
            class="d-block w-100"
            src="slider1_with_jar.jpg"
            style="max-height: 60vh;"
          />
          <div
            class="carousel-caption"
          >
            <h3>
              Jar image
            </h3>
            <p>
              Lorem ipsum dolor sit amet, consectetur adipiscing elit, sed do eiusmod tempor incididunt ax
            </p>
          </div>
        </div>
        <div
          class="carousel-item"
        >
          <img
            alt="Second slide"
            class="d-block w-100"
            src="slider2_addiction.jpg"
            style="max-height: 60vh;"
          />
          <div
            class="carousel-caption"
          >
            <h3>
              Addiction image
            </h3>
            <p>
              Lorem ipsum dolor sit amet, consectetur adipiscing elit, sed do eiusmod tempor incididunt
            </p>
          </div>
        </div>
      </div>
      <a
        class="carousel-control-prev"
        href="#"
        role="button"
        tabindex="0"
      >
        <span
          aria-hidden="true"
          class="carousel-control-prev-icon"
        />
        <span
          class="visually-hidden"
        >
          Previous
        </span>
      </a>
      <a
        class="carousel-control-next"
        href="#"
        role="button"
        tabindex="0"
      >
        <span
          aria-hidden="true"
          class="carousel-control-next-icon"
        />
        <span
          class="visually-hidden"
        >
          Next
        </span>
      </a>
    </div>
  </div>,
  "debug": [Function],
  "findAllByAltText": [Function],
  "findAllByDisplayValue": [Function],
  "findAllByLabelText": [Function],
  "findAllByPlaceholderText": [Function],
  "findAllByRole": [Function],
  "findAllByTestId": [Function],
  "findAllByText": [Function],
  "findAllByTitle": [Function],
  "findByAltText": [Function],
  "findByDisplayValue": [Function],
  "findByLabelText": [Function],
  "findByPlaceholderText": [Function],
  "findByRole": [Function],
  "findByTestId": [Function],
  "findByText": [Function],
  "findByTitle": [Function],
  "getAllByAltText": [Function],
  "getAllByDisplayValue": [Function],
  "getAllByLabelText": [Function],
  "getAllByPlaceholderText": [Function],
  "getAllByRole": [Function],
  "getAllByTestId": [Function],
  "getAllByText": [Function],
  "getAllByTitle": [Function],
  "getByAltText": [Function],
  "getByDisplayValue": [Function],
  "getByLabelText": [Function],
  "getByPlaceholderText": [Function],
  "getByRole": [Function],
  "getByTestId": [Function],
  "getByText": [Function],
  "getByTitle": [Function],
  "queryAllByAltText": [Function],
  "queryAllByDisplayValue": [Function],
  "queryAllByLabelText": [Function],
  "queryAllByPlaceholderText": [Function],
  "queryAllByRole": [Function],
  "queryAllByTestId": [Function],
  "queryAllByText": [Function],
  "queryAllByTitle": [Function],
  "queryByAltText": [Function],
  "queryByDisplayValue": [Function],
  "queryByLabelText": [Function],
  "queryByPlaceholderText": [Function],
  "queryByRole": [Function],
  "queryByTestId": [Function],
  "queryByText": [Function],
  "queryByTitle": [Function],
  "rerender": [Function],
  "unmount": [Function],
}
`;
